<div role="alert" >
                    <span>Hello World</span>
    Form was successfully submitted.
            </div>
