<div role="alert" >
                    <span>Hello World</span>
    Form was successfully submitted. We have sent you a confirmation email.
            </div>
