<div role="alert" >
                    Form was successfully submitted.
            </div>
