<div role="alert" >
                    Form contains some errors.
            </div>
