<div
    x-data="
{
    timer: {
        days: '00',
        hours: '23',
        minutes: '15',
        seconds: '22',
    },
    startCounter: function () {
        let runningCounter = setInterval(() => {
            let countDownDate = new Date(1591892122 * 1000).getTime();
            let timeDistance = countDownDate - new Date().getTime();

            if (timeDistance < 0) {
                clearInterval(runningCounter);

                return;
            }

            this.timer.days = this.formatCounter(Math.floor(timeDistance / (1000 * 60 * 60 * 24)));
            this.timer.hours = this.formatCounter(Math.floor((timeDistance % (1000 * 60 * 60 * 24)) / (1000 * 60 * 60)));
            this.timer.minutes = this.formatCounter(Math.floor((timeDistance % (1000 * 60 * 60)) / (1000 * 60)));
            this.timer.seconds = this.formatCounter(Math.floor((timeDistance % (1000 * 60)) / 1000));
        }, 1000);
    },
    formatCounter: function (number) {
        return number.toString().padStart(2, '0');
    }
}
"
    x-init="startCounter()"
    
>
            <span x-text="timer.days">00</span> days
    <span x-text="timer.hours">23</span> hours
    <span x-text="timer.minutes">15</span> minutes
    <span x-text="timer.seconds">22</span> seconds
    </div>
