<input
    name="remember_me"
    type="checkbox"
    id="remember_me"
    value="1"    checked
    
/>
