<ul >
    <li>
                    
            <a href="#sub-title-level-2">
                Sub Title level 2
            </a>

            
                        </li>
</ul>
