<form method="POST"  action="http://example.com" >
    <input type="hidden" name="_token" value="" autocomplete="off">    <input type="hidden" name="_method" value="DELETE">
    <button type="submit" class="text-gray-500">
        Logout
    </button>
</form>
