<form method="POST" action="http://example.com">
    <input type="hidden" name="_token" value="" autocomplete="off">
    <button type="submit" class="text-gray-500">
        Sign Out
    </button>
</form>
