<div >
    <h1>Hello World</h1>
<p>Blade UI components are <strong>awesome</strong>.</p>
<p><a class="anchor" name="sub-title-level-2"></a></p>
<h2>Sub Title level 2</h2>
<pre><code>## Code Snippet Header
</code></pre>
<p>Some content.</p>
<pre><code>&lt;div&gt;
## Code Snippet Header

Some content.
&lt;/div&gt;
</code></pre>

</div>
