<div >
    <p>Blade UI components are <del>cool</del>, <strong>awesome</strong>.</p>

</div>
