<span title="2 hours from now" >
    13/05/2020 23:00
</span>

