<time datetime="2020-05-13 23:00:00" >
    2 hours from now
</time>

