<span title="2 hours from now" >
    2020-05-13 23:00:00
</span>

