<textarea
    name="about"
    id="about"
    rows="3"
    
>About me text</textarea>
