<textarea
    name="about"
    id="about"
    rows="3"
    
></textarea>
