<input
    name="password"
    type="password"
    id="password"
    
/>
