<form method="POST"  action="http://example.com"  enctype="multipart/form-data" >
    <input type="hidden" name="_token" value="" autocomplete="off">    <input type="hidden" name="_method" value="PUT">
    Form fields...
</form>
