<input
    name="search"
    type="text"
    id="search"
    value="Eloquent"    
/>
