<input
    name="confirm_password"
    type="password"
    id="confirmPassword"
        class="p-4"
/>
