<input
    name="email"
    type="email"
    id="email"
    value="Eloquent"    
/>
