<span title="Every Sunday at 12:00am" >
    @weekly
</span>

