<div
    x-init="
        mapboxgl.accessToken = 'testing';
        var map = new mapboxgl.Map({&quot;container&quot;:&quot;custom-map&quot;,&quot;style&quot;:&quot;mapbox:\/\/styles\/mapbox\/streets-v11&quot;,&quot;zoom&quot;:0});

            "
    id="custom-map"
    
></div>
