<div
    x-init="
        mapboxgl.accessToken = 'testing';
        var map = new mapboxgl.Map({&quot;container&quot;:&quot;map&quot;,&quot;style&quot;:&quot;mapbox:\/\/styles\/mapbox\/streets-v11&quot;});

            "
    id="map"
    
></div>
