<span title="@weekly" >
    Every Sunday at 12:00am
</span>

