<div x-data="{ open: false }" @click.away="open = false" class="text-gray-500">
    <div @click="open = ! open">
        <button>Dries</button>
    </div>

    <div x-show="open">
        <a href="#">Profile</a>
    <a href="#">Settings</a>
    <a href="#">Logout</a>
    </div>
</div>
