<label for="first_name" >
    First name
</label>
