<img src="https://images.unsplash.com/photo-1550340499-a6c60fc8287c?ixlib=rb-1.2.1&ixid=eyJhcHBfaWQiOjEzNDg5Mn0" />
