<div >
                    <ul>
                    <li>Incorrect first name.</li>
                    <li>Needs at least 5 characters.</li>
            </ul>
            </div>
