<div class="text-red-500">
                    Incorrect first name.
            </div>
