<textarea
    x-data
    x-init="new EasyMDE({ element: $root , ...{&quot;forceSync&quot;:true} })"
    name="about"
    id="about"
    
>About me text</textarea>
